Requirement already satisfied: pip in /opt/hostedtoolcache/Python/3.12.14/x64/lib/python3.12/site-packages (26.2.1)
Obtaining file:///home/runner/work/sweep/sweep
  Installing build dependencies: started
  Installing build dependencies: finished with status 'done'
  Checking if build backend supports build_editable: started
  Checking if build backend supports build_editable: finished with status 'done'
  Getting requirements to build editable: started
  Getting requirements to build editable: finished with status 'done'
  Preparing editable metadata (pyproject.toml): started
  Preparing editable metadata (pyproject.toml): finished with status 'done'
Collecting fastapi<1.0,>=0.115 (from sweep==2.0.0)
  Downloading fastapi-0.141.1-py3-none-any.whl.metadata (27 kB)
Collecting uvicorn<1.0,>=0.29 (from uvicorn[standard]<1.0,>=0.29->sweep==2.0.0)
  Downloading uvicorn-0.53.0-py3-none-any.whl.metadata (6.6 kB)
Collecting pydantic<3.0,>=2.8 (from sweep==2.0.0)
  Downloading pydantic-2.13.5-py3-none-any.whl.metadata (110 kB)
Collecting pydantic-settings<3.0,>=2.4 (from sweep==2.0.0)
  Downloading pydantic_settings-2.15.0-py3-none-any.whl.metadata (3.9 kB)
Collecting httpx<1.0,>=0.27 (from sweep==2.0.0)
  Downloading httpx-0.28.1-py3-none-any.whl.metadata (7.1 kB)
Collecting beautifulsoup4<5.0,>=4.12 (from sweep==2.0.0)
  Downloading beautifulsoup4-4.15.0-py3-none-any.whl.metadata (3.8 kB)
Collecting trafilatura<2.0,>=1.12 (from sweep==2.0.0)
  Downloading trafilatura-1.12.2-py3-none-any.whl.metadata (14 kB)
Collecting lxml<6.0,>=5.0 (from sweep==2.0.0)
  Downloading lxml-5.4.0-cp312-cp312-manylinux_2_28_x86_64.whl.metadata (3.5 kB)
Collecting numpy<3.0,>=1.26 (from sweep==2.0.0)
  Downloading numpy-2.5.3-cp312-cp312-manylinux_2_27_x86_64.manylinux_2_28_x86_64.whl.metadata (6.6 kB)
Collecting pandas<3.0,>=2.2 (from sweep==2.0.0)
  Downloading pandas-2.3.3-cp312-cp312-manylinux_2_24_x86_64.manylinux_2_28_x86_64.whl.metadata (91 kB)
Collecting scipy<2.0,>=1.13 (from sweep==2.0.0)
  Downloading scipy-1.18.1-cp312-cp312-manylinux_2_27_x86_64.manylinux_2_28_x86_64.whl.metadata (62 kB)
Collecting scikit-learn<2.0,>=1.5 (from sweep==2.0.0)
  Downloading scikit_learn-1.9.1-cp312-cp312-manylinux_2_27_x86_64.manylinux_2_28_x86_64.whl.metadata (9.3 kB)
Collecting python-dotenv<2.0,>=1.0 (from sweep==2.0.0)
  Downloading python_dotenv-1.2.3-py3-none-any.whl.metadata (29 kB)
Collecting qdrant-client<2.0,>=1.9 (from sweep==2.0.0)
  Downloading qdrant_client-1.19.1-py3-none-any.whl.metadata (11 kB)
Collecting soupsieve>=1.6.1 (from beautifulsoup4<5.0,>=4.12->sweep==2.0.0)
  Downloading soupsieve-2.9.2-py3-none-any.whl.metadata (4.6 kB)
Collecting typing-extensions>=4.0.0 (from beautifulsoup4<5.0,>=4.12->sweep==2.0.0)
  Downloading typing_extensions-4.16.0-py3-none-any.whl.metadata (3.3 kB)
Collecting starlette>=0.46.0 (from fastapi<1.0,>=0.115->sweep==2.0.0)
  Downloading starlette-1.6.0-py3-none-any.whl.metadata (6.4 kB)
Collecting typing-inspection>=0.4.2 (from fastapi<1.0,>=0.115->sweep==2.0.0)
  Downloading typing_inspection-0.4.4-py3-none-any.whl.metadata (2.6 kB)
Collecting annotated-doc>=0.0.2 (from fastapi<1.0,>=0.115->sweep==2.0.0)
  Downloading annotated_doc-0.0.5-py3-none-any.whl.metadata (6.5 kB)
Collecting anyio (from httpx<1.0,>=0.27->sweep==2.0.0)
  Downloading anyio-4.15.1-py3-none-any.whl.metadata (4.7 kB)
Collecting certifi (from httpx<1.0,>=0.27->sweep==2.0.0)
  Downloading certifi-2026.7.22-py3-none-any.whl.metadata (2.5 kB)
Collecting httpcore==1.* (from httpx<1.0,>=0.27->sweep==2.0.0)
  Downloading httpcore-1.0.9-py3-none-any.whl.metadata (21 kB)
Collecting idna (from httpx<1.0,>=0.27->sweep==2.0.0)
  Downloading idna-3.20-py3-none-any.whl.metadata (7.2 kB)
Collecting h11>=0.16 (from httpcore==1.*->httpx<1.0,>=0.27->sweep==2.0.0)
  Downloading h11-0.16.0-py3-none-any.whl.metadata (8.3 kB)
Collecting python-dateutil>=2.8.2 (from pandas<3.0,>=2.2->sweep==2.0.0)
  Downloading python_dateutil-2.9.0.post0-py2.py3-none-any.whl.metadata (8.4 kB)
Collecting pytz>=2020.1 (from pandas<3.0,>=2.2->sweep==2.0.0)
  Downloading pytz-2026.3.post1-py2.py3-none-any.whl.metadata (22 kB)
Collecting tzdata>=2022.7 (from pandas<3.0,>=2.2->sweep==2.0.0)
  Downloading tzdata-2026.4-py2.py3-none-any.whl.metadata (1.4 kB)
Collecting annotated-types>=0.6.0 (from pydantic<3.0,>=2.8->sweep==2.0.0)
  Downloading annotated_types-0.8.0-py3-none-any.whl.metadata (15 kB)
Collecting pydantic-core==2.46.5 (from pydantic<3.0,>=2.8->sweep==2.0.0)
  Downloading pydantic_core-2.46.5-cp312-cp312-manylinux_2_17_x86_64.manylinux2014_x86_64.whl.metadata (6.6 kB)
Collecting grpcio>=1.41.0 (from qdrant-client<2.0,>=1.9->sweep==2.0.0)
  Downloading grpcio-1.84.0-cp312-cp312-manylinux2014_x86_64.manylinux_2_17_x86_64.whl.metadata (3.8 kB)
Collecting portalocker<4.0,>=2.7.0 (from qdrant-client<2.0,>=1.9->sweep==2.0.0)
  Downloading portalocker-3.2.0-py3-none-any.whl.metadata (8.7 kB)
Collecting protobuf>=3.20.0 (from qdrant-client<2.0,>=1.9->sweep==2.0.0)
  Downloading protobuf-7.36.2-cp310-abi3-manylinux2014_x86_64.whl.metadata (595 bytes)
Collecting urllib3<3,>=1.26.14 (from qdrant-client<2.0,>=1.9->sweep==2.0.0)
  Downloading urllib3-2.8.0-py3-none-any.whl.metadata (7.4 kB)
Collecting joblib>=1.4.0 (from scikit-learn<2.0,>=1.5->sweep==2.0.0)
  Downloading joblib-1.6.0-py3-none-any.whl.metadata (6.5 kB)
Collecting narwhals>=2.0.1 (from scikit-learn<2.0,>=1.5->sweep==2.0.0)
  Downloading narwhals-2.26.0-py3-none-any.whl.metadata (15 kB)
Collecting threadpoolctl>=3.5.0 (from scikit-learn<2.0,>=1.5->sweep==2.0.0)
  Downloading threadpoolctl-3.7.0-py3-none-any.whl.metadata (24 kB)
Collecting courlan>=1.2.0 (from trafilatura<2.0,>=1.12->sweep==2.0.0)
  Downloading courlan-1.4.0-py3-none-any.whl.metadata (18 kB)
Collecting htmldate>=1.8.1 (from trafilatura<2.0,>=1.12->sweep==2.0.0)
  Downloading htmldate-1.10.0-py3-none-any.whl.metadata (9.8 kB)
Collecting justext>=3.0.1 (from trafilatura<2.0,>=1.12->sweep==2.0.0)
  Downloading justext-3.0.2-py2.py3-none-any.whl.metadata (7.3 kB)
Collecting charset-normalizer>=3.2.0 (from trafilatura<2.0,>=1.12->sweep==2.0.0)
  Downloading charset_normalizer-3.5.1-cp312-cp312-manylinux2014_x86_64.manylinux_2_17_x86_64.manylinux_2_28_x86_64.whl.metadata (45 kB)
Collecting click>=7.0 (from uvicorn<1.0,>=0.29->uvicorn[standard]<1.0,>=0.29->sweep==2.0.0)
  Downloading click-8.5.0-py3-none-any.whl.metadata (2.6 kB)
Collecting httptools>=0.8.0 (from uvicorn[standard]<1.0,>=0.29->sweep==2.0.0)
  Downloading httptools-0.8.0-cp312-cp312-manylinux1_x86_64.manylinux_2_28_x86_64.manylinux_2_5_x86_64.whl.metadata (3.5 kB)
Collecting pyyaml>=5.1 (from uvicorn[standard]<1.0,>=0.29->sweep==2.0.0)
  Downloading pyyaml-6.0.3-cp312-cp312-manylinux2014_x86_64.manylinux_2_17_x86_64.manylinux_2_28_x86_64.whl.metadata (2.4 kB)
Collecting uvloop>=0.15.1 (from uvicorn[standard]<1.0,>=0.29->sweep==2.0.0)
  Downloading uvloop-0.22.1-cp312-cp312-manylinux2014_x86_64.manylinux_2_17_x86_64.manylinux_2_28_x86_64.whl.metadata (4.9 kB)
Collecting watchfiles>=0.20 (from uvicorn[standard]<1.0,>=0.29->sweep==2.0.0)
  Downloading watchfiles-1.2.0-cp312-cp312-manylinux_2_17_x86_64.manylinux2014_x86_64.whl.metadata (4.9 kB)
Collecting websockets>=13.0 (from uvicorn[standard]<1.0,>=0.29->sweep==2.0.0)
  Downloading websockets-17.1-cp312-cp312-manylinux1_x86_64.manylinux_2_28_x86_64.manylinux_2_5_x86_64.whl.metadata (6.3 kB)
Collecting babel>=2.16.0 (from courlan>=1.2.0->trafilatura<2.0,>=1.12->sweep==2.0.0)
  Downloading babel-2.18.0-py3-none-any.whl.metadata (2.2 kB)
Collecting tld>=0.13 (from courlan>=1.2.0->trafilatura<2.0,>=1.12->sweep==2.0.0)
  Downloading tld-0.13.2-py2.py3-none-any.whl.metadata (11 kB)
Collecting dateparser>=1.1.2 (from htmldate>=1.8.1->trafilatura<2.0,>=1.12->sweep==2.0.0)
  Downloading dateparser-1.4.3-py3-none-any.whl.metadata (25 kB)
Collecting regex>=2024.9.11 (from dateparser>=1.1.2->htmldate>=1.8.1->trafilatura<2.0,>=1.12->sweep==2.0.0)
  Downloading regex-2026.9.10-cp312-cp312-manylinux2014_x86_64.manylinux_2_17_x86_64.manylinux_2_28_x86_64.whl.metadata (40 kB)
Collecting tzlocal>=0.2 (from dateparser>=1.1.2->htmldate>=1.8.1->trafilatura<2.0,>=1.12->sweep==2.0.0)
  Downloading tzlocal-5.4.4-py3-none-any.whl.metadata (7.7 kB)
Collecting h2<5,>=3 (from httpx[http2]>=0.20.0->qdrant-client<2.0,>=1.9->sweep==2.0.0)
  Downloading h2-4.4.1-py3-none-any.whl.metadata (3.8 kB)
Collecting hyperframe<7,>=6.1 (from h2<5,>=3->httpx[http2]>=0.20.0->qdrant-client<2.0,>=1.9->sweep==2.0.0)
  Downloading hyperframe-6.1.0-py3-none-any.whl.metadata (4.3 kB)
Collecting hpack<5,>=4.2 (from h2<5,>=3->httpx[http2]>=0.20.0->qdrant-client<2.0,>=1.9->sweep==2.0.0)
  Downloading hpack-4.2.0-py3-none-any.whl.metadata (3.3 kB)
Collecting cloudpickle>=3.0 (from joblib>=1.4.0->scikit-learn<2.0,>=1.5->sweep==2.0.0)
  Downloading cloudpickle-3.1.2-py3-none-any.whl.metadata (7.1 kB)
Collecting lxml_html_clean (from lxml[html_clean]>=4.4.2->justext>=3.0.1->trafilatura<2.0,>=1.12->sweep==2.0.0)
  Downloading lxml_html_clean-0.4.5-py3-none-any.whl.metadata (2.4 kB)
Collecting six>=1.5 (from python-dateutil>=2.8.2->pandas<3.0,>=2.2->sweep==2.0.0)
  Downloading six-1.17.0-py2.py3-none-any.whl.metadata (1.7 kB)
INFO: pip is looking at multiple versions of lxml-html-clean to determine which version is compatible with other requirements. This could take a while.
Collecting lxml_html_clean (from lxml[html_clean]>=4.4.2->justext>=3.0.1->trafilatura<2.0,>=1.12->sweep==2.0.0)
  Downloading lxml_html_clean-0.4.4-py3-none-any.whl.metadata (2.4 kB)
Downloading beautifulsoup4-4.15.0-py3-none-any.whl (109 kB)
Downloading fastapi-0.141.1-py3-none-any.whl (131 kB)
Downloading httpx-0.28.1-py3-none-any.whl (73 kB)
Downloading httpcore-1.0.9-py3-none-any.whl (78 kB)
Downloading lxml-5.4.0-cp312-cp312-manylinux_2_28_x86_64.whl (5.0 MB)
   ━━━━━━━━━━━━━━━━━━━━━━━━━━━━━━━━━━━━━━━━ 5.0/5.0 MB 168.9 MB/s  0:00:00
Downloading numpy-2.5.3-cp312-cp312-manylinux_2_27_x86_64.manylinux_2_28_x86_64.whl (16.7 MB)
   ━━━━━━━━━━━━━━━━━━━━━━━━━━━━━━━━━━━━━━━━ 16.7/16.7 MB 287.6 MB/s  0:00:00
Downloading pandas-2.3.3-cp312-cp312-manylinux_2_24_x86_64.manylinux_2_28_x86_64.whl (12.4 MB)
   ━━━━━━━━━━━━━━━━━━━━━━━━━━━━━━━━━━━━━━━━ 12.4/12.4 MB 339.9 MB/s  0:00:00
Downloading pydantic-2.13.5-py3-none-any.whl (472 kB)
Downloading pydantic_core-2.46.5-cp312-cp312-manylinux_2_17_x86_64.manylinux2014_x86_64.whl (2.1 MB)
   ━━━━━━━━━━━━━━━━━━━━━━━━━━━━━━━━━━━━━━━━ 2.1/2.1 MB 287.7 MB/s  0:00:00
Downloading pydantic_settings-2.15.0-py3-none-any.whl (69 kB)
Downloading python_dotenv-1.2.3-py3-none-any.whl (22 kB)
Downloading qdrant_client-1.19.1-py3-none-any.whl (406 kB)
Downloading portalocker-3.2.0-py3-none-any.whl (22 kB)
Downloading scikit_learn-1.9.1-cp312-cp312-manylinux_2_27_x86_64.manylinux_2_28_x86_64.whl (9.2 MB)
   ━━━━━━━━━━━━━━━━━━━━━━━━━━━━━━━━━━━━━━━━ 9.2/9.2 MB 292.6 MB/s  0:00:00
Downloading scipy-1.18.1-cp312-cp312-manylinux_2_27_x86_64.manylinux_2_28_x86_64.whl (35.3 MB)
   ━━━━━━━━━━━━━━━━━━━━━━━━━━━━━━━━━━━━━━━━ 35.3/35.3 MB 162.5 MB/s  0:00:00
Downloading trafilatura-1.12.2-py3-none-any.whl (132 kB)
Downloading urllib3-2.8.0-py3-none-any.whl (135 kB)
Downloading uvicorn-0.53.0-py3-none-any.whl (87 kB)
Downloading annotated_doc-0.0.5-py3-none-any.whl (5.3 kB)
Downloading annotated_types-0.8.0-py3-none-any.whl (13 kB)
Downloading charset_normalizer-3.5.1-cp312-cp312-manylinux2014_x86_64.manylinux_2_17_x86_64.manylinux_2_28_x86_64.whl (248 kB)
Downloading click-8.5.0-py3-none-any.whl (125 kB)
Downloading courlan-1.4.0-py3-none-any.whl (34 kB)
Downloading babel-2.18.0-py3-none-any.whl (10.2 MB)
   ━━━━━━━━━━━━━━━━━━━━━━━━━━━━━━━━━━━━━━━━ 10.2/10.2 MB 344.5 MB/s  0:00:00
Downloading grpcio-1.84.0-cp312-cp312-manylinux2014_x86_64.manylinux_2_17_x86_64.whl (7.2 MB)
   ━━━━━━━━━━━━━━━━━━━━━━━━━━━━━━━━━━━━━━━━ 7.2/7.2 MB 359.9 MB/s  0:00:00
Downloading typing_extensions-4.16.0-py3-none-any.whl (45 kB)
Downloading h11-0.16.0-py3-none-any.whl (37 kB)
Downloading htmldate-1.10.0-py3-none-any.whl (31 kB)
Downloading dateparser-1.4.3-py3-none-any.whl (322 kB)
Downloading httptools-0.8.0-cp312-cp312-manylinux1_x86_64.manylinux_2_28_x86_64.manylinux_2_5_x86_64.whl (523 kB)
Downloading h2-4.4.1-py3-none-any.whl (62 kB)
Downloading hpack-4.2.0-py3-none-any.whl (34 kB)
Downloading hyperframe-6.1.0-py3-none-any.whl (13 kB)
Downloading joblib-1.6.0-py3-none-any.whl (306 kB)
Downloading cloudpickle-3.1.2-py3-none-any.whl (22 kB)
Downloading justext-3.0.2-py2.py3-none-any.whl (837 kB)
   ━━━━━━━━━━━━━━━━━━━━━━━━━━━━━━━━━━━━━━━━ 837.9/837.9 kB 175.8 MB/s  0:00:00
Downloading narwhals-2.26.0-py3-none-any.whl (474 kB)
Downloading protobuf-7.36.2-cp310-abi3-manylinux2014_x86_64.whl (343 kB)
Downloading python_dateutil-2.9.0.post0-py2.py3-none-any.whl (229 kB)
Downloading pytz-2026.3.post1-py2.py3-none-any.whl (508 kB)
Downloading pyyaml-6.0.3-cp312-cp312-manylinux2014_x86_64.manylinux_2_17_x86_64.manylinux_2_28_x86_64.whl (807 kB)
   ━━━━━━━━━━━━━━━━━━━━━━━━━━━━━━━━━━━━━━━━ 807.9/807.9 kB 174.9 MB/s  0:00:00
Downloading regex-2026.9.10-cp312-cp312-manylinux2014_x86_64.manylinux_2_17_x86_64.manylinux_2_28_x86_64.whl (804 kB)
   ━━━━━━━━━━━━━━━━━━━━━━━━━━━━━━━━━━━━━━━━ 804.6/804.6 kB 174.3 MB/s  0:00:00
Downloading six-1.17.0-py2.py3-none-any.whl (11 kB)
Downloading soupsieve-2.9.2-py3-none-any.whl (37 kB)
Downloading starlette-1.6.0-py3-none-any.whl (75 kB)
Downloading anyio-4.15.1-py3-none-any.whl (132 kB)
Downloading idna-3.20-py3-none-any.whl (69 kB)
Downloading threadpoolctl-3.7.0-py3-none-any.whl (26 kB)
Downloading tld-0.13.2-py2.py3-none-any.whl (296 kB)
Downloading typing_inspection-0.4.4-py3-none-any.whl (14 kB)
Downloading tzdata-2026.4-py2.py3-none-any.whl (347 kB)
Downloading tzlocal-5.4.4-py3-none-any.whl (18 kB)
Downloading uvloop-0.22.1-cp312-cp312-manylinux2014_x86_64.manylinux_2_17_x86_64.manylinux_2_28_x86_64.whl (4.4 MB)
   ━━━━━━━━━━━━━━━━━━━━━━━━━━━━━━━━━━━━━━━━ 4.4/4.4 MB 318.2 MB/s  0:00:00
Downloading watchfiles-1.2.0-cp312-cp312-manylinux_2_17_x86_64.manylinux2014_x86_64.whl (456 kB)
Downloading websockets-17.1-cp312-cp312-manylinux1_x86_64.manylinux_2_28_x86_64.manylinux_2_5_x86_64.whl (224 kB)
Downloading certifi-2026.7.22-py3-none-any.whl (136 kB)
Downloading lxml_html_clean-0.4.4-py3-none-any.whl (14 kB)
Building wheels for collected packages: sweep
  Building editable for sweep (pyproject.toml): started
  Building editable for sweep (pyproject.toml): finished with status 'error'
  error: subprocess-exited-with-error
  
  × Building editable for sweep (pyproject.toml) did not run successfully.
  │ exit code: 1
  ╰─> [36 lines of output]
      running editable_wheel
      creating /tmp/pip-ephem-wheel-cache-7z6wmjam/wheels/16/c4/72/5c877bc96dcf8a815efa227a44734e2b454ecfcdedf6d5a00e/tmp055kyxhc/.tmp-8j5l2ijp/sweep.egg-info
      writing /tmp/pip-ephem-wheel-cache-7z6wmjam/wheels/16/c4/72/5c877bc96dcf8a815efa227a44734e2b454ecfcdedf6d5a00e/tmp055kyxhc/.tmp-8j5l2ijp/sweep.egg-info/PKG-INFO
      writing dependency_links to /tmp/pip-ephem-wheel-cache-7z6wmjam/wheels/16/c4/72/5c877bc96dcf8a815efa227a44734e2b454ecfcdedf6d5a00e/tmp055kyxhc/.tmp-8j5l2ijp/sweep.egg-info/dependency_links.txt
      writing entry points to /tmp/pip-ephem-wheel-cache-7z6wmjam/wheels/16/c4/72/5c877bc96dcf8a815efa227a44734e2b454ecfcdedf6d5a00e/tmp055kyxhc/.tmp-8j5l2ijp/sweep.egg-info/entry_points.txt
      writing requirements to /tmp/pip-ephem-wheel-cache-7z6wmjam/wheels/16/c4/72/5c877bc96dcf8a815efa227a44734e2b454ecfcdedf6d5a00e/tmp055kyxhc/.tmp-8j5l2ijp/sweep.egg-info/requires.txt
      writing top-level names to /tmp/pip-ephem-wheel-cache-7z6wmjam/wheels/16/c4/72/5c877bc96dcf8a815efa227a44734e2b454ecfcdedf6d5a00e/tmp055kyxhc/.tmp-8j5l2ijp/sweep.egg-info/top_level.txt
      writing manifest file '/tmp/pip-ephem-wheel-cache-7z6wmjam/wheels/16/c4/72/5c877bc96dcf8a815efa227a44734e2b454ecfcdedf6d5a00e/tmp055kyxhc/.tmp-8j5l2ijp/sweep.egg-info/SOURCES.txt'
      reading manifest file '/tmp/pip-ephem-wheel-cache-7z6wmjam/wheels/16/c4/72/5c877bc96dcf8a815efa227a44734e2b454ecfcdedf6d5a00e/tmp055kyxhc/.tmp-8j5l2ijp/sweep.egg-info/SOURCES.txt'
      writing manifest file '/tmp/pip-ephem-wheel-cache-7z6wmjam/wheels/16/c4/72/5c877bc96dcf8a815efa227a44734e2b454ecfcdedf6d5a00e/tmp055kyxhc/.tmp-8j5l2ijp/sweep.egg-info/SOURCES.txt'
      creating '/tmp/pip-ephem-wheel-cache-7z6wmjam/wheels/16/c4/72/5c877bc96dcf8a815efa227a44734e2b454ecfcdedf6d5a00e/tmp055kyxhc/.tmp-8j5l2ijp/sweep-2.0.0.dist-info'
      creating /tmp/pip-ephem-wheel-cache-7z6wmjam/wheels/16/c4/72/5c877bc96dcf8a815efa227a44734e2b454ecfcdedf6d5a00e/tmp055kyxhc/.tmp-8j5l2ijp/sweep-2.0.0.dist-info/WHEEL
      running build_py
      running build_ext
      building 'sweep_engine' extension
      g++ -fno-strict-overflow -Wsign-compare -DNDEBUG -g -O3 -Wall -fPIC -Icpp/include -I/tmp/pip-build-env-an796imc/overlay/lib/python3.12/site-packages/pybind11/include -I/opt/hostedtoolcache/Python/3.12.14/x64/include/python3.12 -c cpp/src/bindings.cpp -o /tmp/tmpqiyvsaoh.build-temp/cpp/src/bindings.o -fvisibility=hidden -g0 -std=c++20
      g++ -fno-strict-overflow -Wsign-compare -DNDEBUG -g -O3 -Wall -fPIC -Icpp/include -I/tmp/pip-build-env-an796imc/overlay/lib/python3.12/site-packages/pybind11/include -I/opt/hostedtoolcache/Python/3.12.14/x64/include/python3.12 -c cpp/src/data_engine.cpp -o /tmp/tmpqiyvsaoh.build-temp/cpp/src/data_engine.o -fvisibility=hidden -g0 -std=c++20
      cpp/src/data_engine.cpp: In function ‘sweep::DataFrame sweep::df_group_by(const DataFrame&, const std::string&, const std::string&)’:
      cpp/src/data_engine.cpp:191:9: warning: this ‘if’ clause does not guard... [-Wmisleading-indentation]
        191 |         if (col_idx >= row.size()) continue; std::string key;
            |         ^~
      cpp/src/data_engine.cpp:191:46: note: ...this statement, but the latter is misleadingly indented as if it were guarded by the ‘if’
        191 |         if (col_idx >= row.size()) continue; std::string key;
            |                                              ^~~
      g++ -fno-strict-overflow -Wsign-compare -DNDEBUG -g -O3 -Wall -fPIC -Icpp/include -I/tmp/pip-build-env-an796imc/overlay/lib/python3.12/site-packages/pybind11/include -I/opt/hostedtoolcache/Python/3.12.14/x64/include/python3.12 -c cpp/src/html_parser.cpp -o /tmp/tmpqiyvsaoh.build-temp/cpp/src/html_parser.o -fvisibility=hidden -g0 -std=c++20
      cpp/src/html_parser.cpp:107:20: warning: ‘std::string sweep::get_attr(const std::string&, const std::string&)’ defined but not used [-Wunused-function]
        107 | static std::string get_attr(const std::string& tag, const std::string& attr) {
            |                    ^~~~~~~~
      g++ -fno-strict-overflow -Wsign-compare -DNDEBUG -g -O3 -Wall -fPIC -Icpp/include -I/tmp/pip-build-env-an796imc/overlay/lib/python3.12/site-packages/pybind11/include -I/opt/hostedtoolcache/Python/3.12.14/x64/include/python3.12 -c cpp/src/ml_engine.cpp -o /tmp/tmpqiyvsaoh.build-temp/cpp/src/ml_engine.o -fvisibility=hidden -g0 -std=c++20
      g++ -fno-strict-overflow -Wsign-compare -DNDEBUG -g -O3 -Wall -fPIC -Icpp/include -I/tmp/pip-build-env-an796imc/overlay/lib/python3.12/site-packages/pybind11/include -I/opt/hostedtoolcache/Python/3.12.14/x64/include/python3.12 -c cpp/src/nlp_engine.cpp -o /tmp/tmpqiyvsaoh.build-temp/cpp/src/nlp_engine.o -fvisibility=hidden -g0 -std=c++20
      g++ -fno-strict-overflow -Wsign-compare -DNDEBUG -g -O3 -Wall -fPIC -Icpp/include -I/tmp/pip-build-env-an796imc/overlay/lib/python3.12/site-packages/pybind11/include -I/opt/hostedtoolcache/Python/3.12.14/x64/include/python3.12 -c cpp/src/regex_engine.cpp -o /tmp/tmpqiyvsaoh.build-temp/cpp/src/regex_engine.o -fvisibility=hidden -g0 -std=c++20
      cpp/src/regex_engine.cpp: In member function ‘bool sweep::PatternSet::has_injection_signals(const std::string&, std::vector<std::__cxx11::basic_string<char> >&) const’:
      cpp/src/regex_engine.cpp:110:34: error: ‘const class std::__cxx11::basic_regex<char>’ has no member named ‘pattern’
        110 |             signals.push_back(re.pattern());
            |                                  ^~~~~~~
      error: Command '['g++', '-fno-strict-overflow', '-Wsign-compare', '-DNDEBUG', '-g', '-O3', '-Wall', '-fPIC', '-Icpp/include', '-I/tmp/pip-build-env-an796imc/overlay/lib/python3.12/site-packages/pybind11/include', '-I/opt/hostedtoolcache/Python/3.12.14/x64/include/python3.12', '-c', 'cpp/src/regex_engine.cpp', '-o', '/tmp/tmpqiyvsaoh.build-temp/cpp/src/regex_engine.o', '-fvisibility=hidden', '-g0', '-std=c++20']' returned non-zero exit status 1.
      [end of output]
  
  note: This error originates from a subprocess, and is likely not a problem with pip.
  ERROR: Failed building editable for sweep
Failed to build sweep
error: failed-wheel-build-for-install

× Failed to build installable wheels for some pyproject.toml based projects
╰─> sweep
